[debug] [2026-06-23T04:09:05.157Z] ----------------------------------------------------------------------
[debug] [2026-06-23T04:09:05.159Z] Command:       C:\Program Files\nodejs\node.exe C:\Users\ryujiro.kurihara\AppData\Roaming\npm\node_modules\firebase-tools\lib\bin\firebase.js deploy --only hosting --project kensyu10143
[debug] [2026-06-23T04:09:05.159Z] CLI Version:   15.17.0
[debug] [2026-06-23T04:09:05.159Z] Platform:      win32
[debug] [2026-06-23T04:09:05.159Z] Node Version:  v22.22.2
[debug] [2026-06-23T04:09:05.159Z] Time:          Tue Jun 23 2026 13:09:05 GMT+0900 (日本標準時)
[debug] [2026-06-23T04:09:05.159Z] ----------------------------------------------------------------------
[debug] 
[debug] [2026-06-23T04:09:05.161Z] >>> [apiv2][query] GET https://firebase-public.firebaseio.com/cli.json [none]
[debug] [2026-06-23T04:09:08.191Z] > command requires scopes: ["email","openid","https://www.googleapis.com/auth/cloudplatformprojects.readonly","https://www.googleapis.com/auth/firebase","https://www.googleapis.com/auth/cloud-platform"]
[debug] [2026-06-23T04:09:08.191Z] > authorizing via signed-in user (ryujiro.kurihara@pathoslogos.co.jp)
[debug] [2026-06-23T04:09:08.192Z] [iam] checking project kensyu10143 for permissions ["firebase.projects.get","firebasehosting.sites.update"]
[debug] [2026-06-23T04:09:08.192Z] Checked if tokens are valid: false, expires at: 1782101778675
[debug] [2026-06-23T04:09:08.192Z] Checked if tokens are valid: false, expires at: 1782101778675
[debug] [2026-06-23T04:09:08.192Z] > refreshing access token with scopes: []
[debug] [2026-06-23T04:09:08.193Z] >>> [apiv2][query] POST https://www.googleapis.com/oauth2/v3/token [none]
[debug] [2026-06-23T04:09:08.193Z] >>> [apiv2][body] POST https://www.googleapis.com/oauth2/v3/token [omitted]
[debug] [2026-06-23T04:09:08.325Z] <<< [apiv2][status] POST https://www.googleapis.com/oauth2/v3/token 400
[debug] [2026-06-23T04:09:08.325Z] <<< [apiv2][body] POST https://www.googleapis.com/oauth2/v3/token [omitted]
[error] Authentication Error: Your credentials are no longer valid. Please run firebase login --reauth

For CI servers and headless environments, generate a new token with firebase login:ci
[error] Authentication Error: Your credentials are no longer valid. Please run firebase login --reauth

For CI servers and headless environments, generate a new token with firebase login:ci
[debug] [2026-06-23T04:09:08.326Z] [iam] error while checking permissions, command may fail: Authentication Error: Your credentials are no longer valid. Please run firebase login --reauth

For CI servers and headless environments, generate a new token with firebase login:ci
[debug] [2026-06-23T04:09:08.326Z] Checked if tokens are valid: false, expires at: 1782101778675
[debug] [2026-06-23T04:09:08.326Z] Checked if tokens are valid: false, expires at: 1782101778675
[debug] [2026-06-23T04:09:08.326Z] > refreshing access token with scopes: []
[debug] [2026-06-23T04:09:08.327Z] >>> [apiv2][query] POST https://www.googleapis.com/oauth2/v3/token [none]
[debug] [2026-06-23T04:09:08.327Z] >>> [apiv2][body] POST https://www.googleapis.com/oauth2/v3/token [omitted]
[debug] [2026-06-23T04:09:08.396Z] <<< [apiv2][status] POST https://www.googleapis.com/oauth2/v3/token 400
[debug] [2026-06-23T04:09:08.397Z] <<< [apiv2][body] POST https://www.googleapis.com/oauth2/v3/token [omitted]
[error] Authentication Error: Your credentials are no longer valid. Please run firebase login --reauth

For CI servers and headless environments, generate a new token with firebase login:ci
[error] Authentication Error: Your credentials are no longer valid. Please run firebase login --reauth

For CI servers and headless environments, generate a new token with firebase login:ci
[debug] [2026-06-23T04:09:08.397Z] Authentication Error: Your credentials are no longer valid. Please run firebase login --reauth

For CI servers and headless environments, generate a new token with firebase login:ci
[error] 
[error] Error: Assertion failed: resolving hosting target of a site with no site name or target name. This should have caused an error earlier
[debug] [2026-06-23T04:09:08.620Z] <<< [apiv2][status] GET https://firebase-public.firebaseio.com/cli.json 200
[debug] [2026-06-23T04:09:08.621Z] <<< [apiv2][body] GET https://firebase-public.firebaseio.com/cli.json {"cloudBuildErrorAfter":1594252800000,"cloudBuildWarnAfter":1590019200000,"defaultNode10After":1594252800000,"minVersion":"3.0.5","node8DeploysDisabledAfter":1613390400000,"node8RuntimeDisabledAfter":1615809600000,"node8WarnAfter":1600128000000}
